Community route matching error: error: operator does not exist: boolean = integer
    at C:\Users\kl\Desktop\St Jean  Notes\L2\SEM 2\Dive.ly\Drively---Development-Team\backend\node_modules\pg-pool\index.js:45:11
    at process.processTicksAndRejections (node:internal/process/task_queues:103:5)
    at async query (C:\Users\kl\Desktop\St Jean  Notes\L2\SEM 2\Dive.ly\Drively---Development-Team\backend\src\config\database.js:364:20)
    at async Object.listAvailableWithRoutes (C:\Users\kl\Desktop\St Jean  Notes\L2\SEM 2\Dive.ly\Drively---Development-Team\backend\src\models\Driver.js:206:16)
    at async matchCommunityRoute (C:\Users\kl\Desktop\St Jean  Notes\L2\SEM 2\Dive.ly\Drively---Development-Team\backend\src\services\routeMatchingService.js:270:21)
    at async C:\Users\kl\Desktop\St Jean  Notes\L2\SEM 2\Dive.ly\Drively---Development-Team\backend\src\routes\communities.js:74:21 {
  length: 202,
  severity: 'ERROR',
  code: '42883',
  detail: undefined,
  hint: 'No operator matches the given name and argument types. You might need to add explicit type casts.',
  position: '61',
  internalPosition: undefined,
  internalQuery: undefined,
  where: undefined,
  schema: undefined,
  table: undefined,
  column: undefined,
  dataType: undefined,
  constraint: undefined,
  file: 'parse_oper.c',
  line: '644',
  routine: 'op_error'
}
Community route matching error: error: operator does not exist: boolean = integer
    at C:\Users\kl\Desktop\St Jean  Notes\L2\SEM 2\Dive.ly\Drively---Development-Team\backend\node_modules\pg-pool\index.js:45:11
    at process.processTicksAndRejections (node:internal/process/task_queues:103:5)
    at async query (C:\Users\kl\Desktop\St Jean  Notes\L2\SEM 2\Dive.ly\Drively---Development-Team\backend\src\config\database.js:364:20)
    at async Object.listAvailableWithRoutes (C:\Users\kl\Desktop\St Jean  Notes\L2\SEM 2\Dive.ly\Drively---Development-Team\backend\src\models\Driver.js:206:16)
    at async matchCommunityRoute (C:\Users\kl\Desktop\St Jean  Notes\L2\SEM 2\Dive.ly\Drively---Development-Team\backend\src\services\routeMatchingService.js:270:21)
    at async C:\Users\kl\Desktop\St Jean  Notes\L2\SEM 2\Dive.ly\Drively---Development-Team\backend\src\routes\communities.js:74:21 {
  length: 202,
  severity: 'ERROR',
  code: '42883',
  detail: undefined,
  hint: 'No operator matches the given name and argument types. You might need to add explicit type casts.',
  position: '61',
  internalPosition: undefined,
  internalQuery: undefined,
  where: undefined,
  schema: undefined,
  table: undefined,
  column: undefined,
  dataType: undefined,
  constraint: undefined,
  file: 'parse_oper.c',
  line: '644',
  routine: 'op_error'
}
Community route matching error: error: operator does not exist: boolean = integer
    at C:\Users\kl\Desktop\St Jean  Notes\L2\SEM 2\Dive.ly\Drively---Development-Team\backend\node_modules\pg-pool\index.js:45:11
    at process.processTicksAndRejections (node:internal/process/task_queues:103:5)
    at async query (C:\Users\kl\Desktop\St Jean  Notes\L2\SEM 2\Dive.ly\Drively---Development-Team\backend\src\config\database.js:364:20)
    at async Object.listAvailableWithRoutes (C:\Users\kl\Desktop\St Jean  Notes\L2\SEM 2\Dive.ly\Drively---Development-Team\backend\src\models\Driver.js:206:16)
    at async matchCommunityRoute (C:\Users\kl\Desktop\St Jean  Notes\L2\SEM 2\Dive.ly\Drively---Development-Team\backend\src\services\routeMatchingService.js:270:21)
    at async C:\Users\kl\Desktop\St Jean  Notes\L2\SEM 2\Dive.ly\Drively---Development-Team\backend\src\routes\communities.js:74:21 {
  length: 202,
  severity: 'ERROR',
  code: '42883',
  detail: undefined,
  hint: 'No operator matches the given name and argument types. You might need to add explicit type casts.',
  position: '61',
  internalPosition: undefined,
  internalQuery: undefined,
  where: undefined,
  schema: undefined,
  table: undefined,
  column: undefined,
  dataType: undefined,
  constraint: undefined,
  file: 'parse_oper.c',
  line: '644',
  routine: 'op_error'
}
Community route matching error: error: operator does not exist: boolean = integer
    at C:\Users\kl\Desktop\St Jean  Notes\L2\SEM 2\Dive.ly\Drively---Development-Team\backend\node_modules\pg-pool\index.js:45:11
    at process.processTicksAndRejections (node:internal/process/task_queues:103:5)
    at async query (C:\Users\kl\Desktop\St Jean  Notes\L2\SEM 2\Dive.ly\Drively---Development-Team\backend\src\config\database.js:364:20)
    at async Object.listAvailableWithRoutes (C:\Users\kl\Desktop\St Jean  Notes\L2\SEM 2\Dive.ly\Drively---Development-Team\backend\src\models\Driver.js:206:16)
    at async matchCommunityRoute (C:\Users\kl\Desktop\St Jean  Notes\L2\SEM 2\Dive.ly\Drively---Development-Team\backend\src\services\routeMatchingService.js:270:21)
    at async C:\Users\kl\Desktop\St Jean  Notes\L2\SEM 2\Dive.ly\Drively---Development-Team\backend\src\routes\communities.js:74:21 {
  length: 202,
  severity: 'ERROR',
  code: '42883',
  detail: undefined,
  hint: 'No operator matches the given name and argument types. You might need to add explicit type casts.',
  position: '61',
  internalPosition: undefined,
  internalQuery: undefined,
  where: undefined,
  schema: undefined,
  table: undefined,
  column: undefined,
  dataType: undefined,
  constraint: undefined,
  file: 'parse_oper.c',
  line: '644',
  routine: 'op_error'
}
Route matching error: error: operator does not exist: boolean = integer
    at C:\Users\kl\Desktop\St Jean  Notes\L2\SEM 2\Dive.ly\Drively---Development-Team\backend\node_modules\pg-pool\index.js:45:11
    at process.processTicksAndRejections (node:internal/process/task_queues:103:5)
    at async query (C:\Users\kl\Desktop\St Jean  Notes\L2\SEM 2\Dive.ly\Drively---Development-Team\backend\src\config\database.js:364:20)
    at async Object.listAvailableWithRoutes (C:\Users\kl\Desktop\St Jean  Notes\L2\SEM 2\Dive.ly\Drively---Development-Team\backend\src\models\Driver.js:206:16)
    at async matchRoute (C:\Users\kl\Desktop\St Jean  Notes\L2\SEM 2\Dive.ly\Drively---Development-Team\backend\src\services\routeMatchingService.js:151:21)
    at async C:\Users\kl\Desktop\St Jean  Notes\L2\SEM 2\Dive.ly\Drively---Development-Team\backend\src\routes\rides.js:36:21 {
  length: 202,
  severity: 'ERROR',
  code: '42883',
  detail: undefined,
  hint: 'No operator matches the given name and argument types. You might need to add explicit type casts.',
  position: '61',
  internalPosition: undefined,
  internalQuery: undefined,
  where: undefined,
  schema: undefined,
  table: undefined,
  column: undefined,
  dataType: undefined,
  constraint: undefined,
  file: 'parse_oper.c',
  line: '644',
  routine: 'op_error'
}
Route matching error: error: operator does not exist: boolean = integer
    at C:\Users\kl\Desktop\St Jean  Notes\L2\SEM 2\Dive.ly\Drively---Development-Team\backend\node_modules\pg-pool\index.js:45:11
    at process.processTicksAndRejections (node:internal/process/task_queues:103:5)
    at async query (C:\Users\kl\Desktop\St Jean  Notes\L2\SEM 2\Dive.ly\Drively---Development-Team\backend\src\config\database.js:364:20)
    at async Object.listAvailableWithRoutes (C:\Users\kl\Desktop\St Jean  Notes\L2\SEM 2\Dive.ly\Drively---Development-Team\backend\src\models\Driver.js:206:16)
    at async matchRoute (C:\Users\kl\Desktop\St Jean  Notes\L2\SEM 2\Dive.ly\Drively---Development-Team\backend\src\services\routeMatchingService.js:151:21)
    at async C:\Users\kl\Desktop\St Jean  Notes\L2\SEM 2\Dive.ly\Drively---Development-Team\backend\src\routes\rides.js:36:21 {
  length: 202,
  severity: 'ERROR',
  code: '42883',
  detail: undefined,
  hint: 'No operator matches the given name and argument types. You might need to add explicit type casts.',
  position: '61',
  internalPosition: undefined,
  internalQuery: undefined,
  where: undefined,
  schema: undefined,
  table: undefined,
  column: undefined,
  dataType: undefined,
  constraint: undefined,
  file: 'parse_oper.c',
  line: '644',
  routine: 'op_error'
}
Route matching error: error: operator does not exist: boolean = integer
    at C:\Users\kl\Desktop\St Jean  Notes\L2\SEM 2\Dive.ly\Drively---Development-Team\backend\node_modules\pg-pool\index.js:45:11
    at process.processTicksAndRejections (node:internal/process/task_queues:103:5)
    at async query (C:\Users\kl\Desktop\St Jean  Notes\L2\SEM 2\Dive.ly\Drively---Development-Team\backend\src\config\database.js:364:20)
    at async Object.listAvailableWithRoutes (C:\Users\kl\Desktop\St Jean  Notes\L2\SEM 2\Dive.ly\Drively---Development-Team\backend\src\models\Driver.js:206:16)
    at async matchRoute (C:\Users\kl\Desktop\St Jean  Notes\L2\SEM 2\Dive.ly\Drively---Development-Team\backend\src\services\routeMatchingService.js:151:21)
    at async C:\Users\kl\Desktop\St Jean  Notes\L2\SEM 2\Dive.ly\Drively---Development-Team\backend\src\routes\rides.js:36:21 {
  length: 202,
  severity: 'ERROR',
  code: '42883',
  detail: undefined,
  hint: 'No operator matches the given name and argument types. You might need to add explicit type casts.',
  position: '61',
  internalPosition: undefined,
  internalQuery: undefined,
  where: undefined,
  schema: undefined,
  table: undefined,
  column: undefined,
  dataType: undefined,
  constraint: undefined,
  file: 'parse_oper.c',
  line: '644',
  routine: 'op_error'
}
Route matching error: error: operator does not exist: boolean = integer
    at C:\Users\kl\Desktop\St Jean  Notes\L2\SEM 2\Dive.ly\Drively---Development-Team\backend\node_modules\pg-pool\index.js:45:11
    at process.processTicksAndRejections (node:internal/process/task_queues:103:5)
    at async query (C:\Users\kl\Desktop\St Jean  Notes\L2\SEM 2\Dive.ly\Drively---Development-Team\backend\src\config\database.js:364:20)
    at async Object.listAvailableWithRoutes (C:\Users\kl\Desktop\St Jean  Notes\L2\SEM 2\Dive.ly\Drively---Development-Team\backend\src\models\Driver.js:206:16)
    at async matchRoute (C:\Users\kl\Desktop\St Jean  Notes\L2\SEM 2\Dive.ly\Drively---Development-Team\backend\src\services\routeMatchingService.js:151:21)
    at async C:\Users\kl\Desktop\St Jean  Notes\L2\SEM 2\Dive.ly\Drively---Development-Team\backend\src\routes\rides.js:36:21 {
  length: 202,
  severity: 'ERROR',
  code: '42883',
  detail: undefined,
  hint: 'No operator matches the given name and argument types. You might need to add explicit type casts.',
  position: '61',
  internalPosition: undefined,
  internalQuery: undefined,
  where: undefined,
  schema: undefined,
  table: undefined,
  column: undefined,
  dataType: undefined,
  constraint: undefined,
  file: 'parse_oper.c',
  line: '644',
  routine: 'op_error'
}
Route matching error: error: operator does not exist: boolean = integer
    at C:\Users\kl\Desktop\St Jean  Notes\L2\SEM 2\Dive.ly\Drively---Development-Team\backend\node_modules\pg-pool\index.js:45:11
    at process.processTicksAndRejections (node:internal/process/task_queues:103:5)
    at async query (C:\Users\kl\Desktop\St Jean  Notes\L2\SEM 2\Dive.ly\Drively---Development-Team\backend\src\config\database.js:364:20)
    at async Object.listAvailableWithRoutes (C:\Users\kl\Desktop\St Jean  Notes\L2\SEM 2\Dive.ly\Drively---Development-Team\backend\src\models\Driver.js:206:16)
    at async matchRoute (C:\Users\kl\Desktop\St Jean  Notes\L2\SEM 2\Dive.ly\Drively---Development-Team\backend\src\services\routeMatchingService.js:151:21)
    at async C:\Users\kl\Desktop\St Jean  Notes\L2\SEM 2\Dive.ly\Drively---Development-Team\backend\src\routes\rides.js:36:21 {
  length: 202,
  severity: 'ERROR',
  code: '42883',
  detail: undefined,
  hint: 'No operator matches the given name and argument types. You might need to add explicit type casts.',
  position: '61',
  internalPosition: undefined,
  internalQuery: undefined,
  where: undefined,
  schema: undefined,
  table: undefined,
  column: undefined,
  dataType: undefined,
  constraint: undefined,
  file: 'parse_oper.c',
  line: '644',
  routine: 'op_error'
}
Community route matching error: error: operator does not exist: boolean = integer
    at C:\Users\kl\Desktop\St Jean  Notes\L2\SEM 2\Dive.ly\Drively---Development-Team\backend\node_modules\pg-pool\index.js:45:11
    at process.processTicksAndRejections (node:internal/process/task_queues:103:5)
    at async query (C:\Users\kl\Desktop\St Jean  Notes\L2\SEM 2\Dive.ly\Drively---Development-Team\backend\src\config\database.js:364:20)
    at async Object.listAvailableWithRoutes (C:\Users\kl\Desktop\St Jean  Notes\L2\SEM 2\Dive.ly\Drively---Development-Team\backend\src\models\Driver.js:206:16)
    at async matchCommunityRoute (C:\Users\kl\Desktop\St Jean  Notes\L2\SEM 2\Dive.ly\Drively---Development-Team\backend\src\services\routeMatchingService.js:270:21)
    at async C:\Users\kl\Desktop\St Jean  Notes\L2\SEM 2\Dive.ly\Drively---Development-Team\backend\src\routes\communities.js:74:21 {
  length: 202,
  severity: 'ERROR',
  code: '42883',
  detail: undefined,
  hint: 'No operator matches the given name and argument types. You might need to add explicit type casts.',
  position: '61',
  internalPosition: undefined,
  internalQuery: undefined,
  where: undefined,
  schema: undefined,
  table: undefined,
  column: undefined,
  dataType: undefined,
  constraint: undefined,
  file: 'parse_oper.c',
  line: '644',
  routine: 'op_error'
}
Community route matching error: error: operator does not exist: boolean = integer
    at C:\Users\kl\Desktop\St Jean  Notes\L2\SEM 2\Dive.ly\Drively---Development-Team\backend\node_modules\pg-pool\index.js:45:11
    at process.processTicksAndRejections (node:internal/process/task_queues:103:5)
    at async query (C:\Users\kl\Desktop\St Jean  Notes\L2\SEM 2\Dive.ly\Drively---Development-Team\backend\src\config\database.js:364:20)
    at async Object.listAvailableWithRoutes (C:\Users\kl\Desktop\St Jean  Notes\L2\SEM 2\Dive.ly\Drively---Development-Team\backend\src\models\Driver.js:206:16)
    at async matchCommunityRoute (C:\Users\kl\Desktop\St Jean  Notes\L2\SEM 2\Dive.ly\Drively---Development-Team\backend\src\services\routeMatchingService.js:270:21)
    at async C:\Users\kl\Desktop\St Jean  Notes\L2\SEM 2\Dive.ly\Drively---Development-Team\backend\src\routes\communities.js:74:21 {
  length: 202,
  severity: 'ERROR',
  code: '42883',
  detail: undefined,
  hint: 'No operator matches the given name and argument types. You might need to add explicit type casts.',
  position: '61',
  internalPosition: undefined,
  internalQuery: undefined,
  where: undefined,
  schema: undefined,
  table: undefined,
  column: undefined,
  dataType: undefined,
  constraint: undefined,
  file: 'parse_oper.c',
  line: '644',
  routine: 'op_error'
}
Route matching error: error: operator does not exist: boolean = integer
    at C:\Users\kl\Desktop\St Jean  Notes\L2\SEM 2\Dive.ly\Drively---Development-Team\backend\node_modules\pg-pool\index.js:45:11
    at process.processTicksAndRejections (node:internal/process/task_queues:103:5)
    at async query (C:\Users\kl\Desktop\St Jean  Notes\L2\SEM 2\Dive.ly\Drively---Development-Team\backend\src\config\database.js:364:20)
    at async Object.listAvailableWithRoutes (C:\Users\kl\Desktop\St Jean  Notes\L2\SEM 2\Dive.ly\Drively---Development-Team\backend\src\models\Driver.js:206:16)
    at async matchRoute (C:\Users\kl\Desktop\St Jean  Notes\L2\SEM 2\Dive.ly\Drively---Development-Team\backend\src\services\routeMatchingService.js:151:21)
    at async C:\Users\kl\Desktop\St Jean  Notes\L2\SEM 2\Dive.ly\Drively---Development-Team\backend\src\routes\rides.js:36:21 {
  length: 202,
  severity: 'ERROR',
  code: '42883',
  detail: undefined,
  hint: 'No operator matches the given name and argument types. You might need to add explicit type casts.',
  position: '61',
  internalPosition: undefined,
  internalQuery: undefined,
  where: undefined,
  schema: undefined,
  table: undefined,
  column: undefined,
  dataType: undefined,
  constraint: undefined,
  file: 'parse_oper.c',
  line: '644',
  routine: 'op_error'
}
Community route matching error: error: operator does not exist: boolean = integer
    at C:\Users\kl\Desktop\St Jean  Notes\L2\SEM 2\Dive.ly\Drively---Development-Team\backend\node_modules\pg-pool\index.js:45:11
    at process.processTicksAndRejections (node:internal/process/task_queues:103:5)
    at async query (C:\Users\kl\Desktop\St Jean  Notes\L2\SEM 2\Dive.ly\Drively---Development-Team\backend\src\config\database.js:364:20)
    at async Object.listAvailableWithRoutes (C:\Users\kl\Desktop\St Jean  Notes\L2\SEM 2\Dive.ly\Drively---Development-Team\backend\src\models\Driver.js:206:16)
    at async matchCommunityRoute (C:\Users\kl\Desktop\St Jean  Notes\L2\SEM 2\Dive.ly\Drively---Development-Team\backend\src\services\routeMatchingService.js:270:21)
    at async C:\Users\kl\Desktop\St Jean  Notes\L2\SEM 2\Dive.ly\Drively---Development-Team\backend\src\routes\communities.js:74:21 {
  length: 202,
  severity: 'ERROR',
  code: '42883',
  detail: undefined,
  hint: 'No operator matches the given name and argument types. You might need to add explicit type casts.',
  position: '61',
  internalPosition: undefined,
  internalQuery: undefined,
  where: undefined,
  schema: undefined,
  table: undefined,
  column: undefined,
  dataType: undefined,
  constraint: undefined,
  file: 'parse_oper.c',
  line: '644',
  routine: 'op_error'
}
